com\ecommerce\ai\tools\BrandTool.class
com\ecommerce\controller\FlashSaleController.class
com\ecommerce\exception\ApiExceptionHandler.class
com\ecommerce\exception\BadRequestException.class
com\ecommerce\ai\tools\OrderLookupTool.class
com\ecommerce\security\UserPrincipal.class
com\ecommerce\controller\DashboardController.class
com\ecommerce\constant\AppApiConstant.class
com\ecommerce\entity\Task.class
com\ecommerce\dto\ApiResponse.class
com\ecommerce\controller\CategoryController.class
com\ecommerce\service\TrendingSearchService.class
com\ecommerce\dto\CartItemDTO.class
com\ecommerce\exception\CoreExceptionCodeConstant.class
com\ecommerce\service\CategoryService.class
com\ecommerce\config\WebSocketConfig.class
com\ecommerce\config\service\SqlManagerService.class
com\ecommerce\ai\AiSupportService.class
com\ecommerce\constant\FlashSaleConstant.class
com\ecommerce\controller\TaskController.class
com\ecommerce\entity\Address.class
com\ecommerce\service\FileStorageService.class
com\ecommerce\dto\ChatMessageDTO.class
com\ecommerce\service\ReviewService.class
com\ecommerce\repository\ConversationRepository.class
com\ecommerce\entity\ChatMessage.class
com\ecommerce\service\impl\ProductServiceImpl.class
com\ecommerce\exception\SystemException.class
com\ecommerce\constant\ChatMessageConstant.class
com\ecommerce\dto\AddressDTO.class
com\ecommerce\constant\DashboardConstant.class
com\ecommerce\event\OrderEvent.class
com\ecommerce\entity\Payment.class
com\ecommerce\repository\base\DbRepository.class
com\ecommerce\service\NotificationService.class
com\ecommerce\mapper\ProductMapper.class
com\ecommerce\dto\LoginRequest.class
com\ecommerce\service\impl\FlashSaleServiceImpl.class
com\ecommerce\service\impl\TaskServiceImpl.class
com\ecommerce\repository\BrandRepository.class
com\ecommerce\service\impl\CategoryServiceImpl.class
com\ecommerce\exception\ErrorHint.class
com\ecommerce\service\CouponService.class
com\ecommerce\exception\DuplicateException.class
com\ecommerce\controller\CronJobController.class
com\ecommerce\service\TaskService.class
com\ecommerce\util\MovieDateUtil.class
com\ecommerce\service\OrderService.class
com\ecommerce\controller\UserController.class
com\ecommerce\repository\FlashSaleRepository.class
com\ecommerce\repository\UserRepository.class
com\ecommerce\config\MirageConfig.class
com\ecommerce\constant\ProductConstant.class
com\ecommerce\controller\NotificationController.class
com\ecommerce\entity\User.class
com\ecommerce\ai\tools\InventoryTool.class
com\ecommerce\config\SQLServerDialect.class
com\ecommerce\service\ConversationService.class
com\ecommerce\ai\AiAgentController.class
com\ecommerce\ai\tools\ProductSearchTool.class
com\ecommerce\service\impl\ReviewServiceImpl.class
com\ecommerce\config\RedisConfig.class
com\ecommerce\repository\NewArrivalRepository.class
com\ecommerce\security\CustomUserDetailsService.class
com\ecommerce\service\impl\ScheduledTasksService.class
com\ecommerce\util\CommonJsonUtil$2.class
com\ecommerce\config\TransactionManagerConfig.class
com\ecommerce\dto\CreateOrderRequest$OrderItemRequest.class
com\ecommerce\entity\ChatParticipant.class
com\ecommerce\entity\TrendingSearch.class
com\ecommerce\service\impl\CouponServiceImpl.class
com\ecommerce\util\CustomMirageUtil.class
com\ecommerce\entity\ProductImage.class
com\ecommerce\websocket\WebSocketAuthInterceptor.class
com\ecommerce\dto\CreateOrderRequest$CustomerInfo.class
com\ecommerce\repository\ChatQuickReplyRepository.class
com\ecommerce\config\KafkaConfig.class
com\ecommerce\util\DateUtils.class
com\ecommerce\dto\FlashSaleDTO.class
com\ecommerce\event\FlashSaleEvent.class
com\ecommerce\dto\ProductImageDTO.class
com\ecommerce\security\JwtUtil.class
com\ecommerce\repository\OrderRepository.class
com\ecommerce\service\CommonService.class
com\ecommerce\exception\DetailException.class
com\ecommerce\ai\OrchestratorAgentService$1.class
com\ecommerce\util\SqlLoader.class
com\ecommerce\entity\ShippingMethod.class
com\ecommerce\service\SessionTimeoutService$SessionInfo.class
com\ecommerce\dto\request\SendMessageRequest.class
com\ecommerce\repository\ChatParticipantRepository.class
com\ecommerce\service\ChatMessageService.class
com\ecommerce\config\DatabaseConfig.class
com\ecommerce\dto\AuthResponse.class
com\ecommerce\entity\Coupon.class
com\ecommerce\controller\ChatController.class
com\ecommerce\ai\tools\SalesAdvisorTool.class
com\ecommerce\webapp\BusinessApiError.class
com\ecommerce\webapp\LowerCaseClassNameResolver.class
com\ecommerce\exception\impl\ErrorHandlerApiImpl.class
com\ecommerce\repository\ReviewRepository.class
com\ecommerce\controller\AuthController.class
com\ecommerce\service\SessionTimeoutService.class
com\ecommerce\constant\SpringContext.class
com\ecommerce\service\NotificationService$NotificationStatisticsDTO.class
com\ecommerce\dto\TrendingSearchDTO.class
com\ecommerce\repository\OrderItemRepository.class
com\ecommerce\dto\OrderDTO.class
com\ecommerce\dto\CartDTO.class
com\ecommerce\entity\NewArrival.class
com\ecommerce\dto\PaymentDTO.class
com\ecommerce\util\CommonJsonUtil$1.class
com\ecommerce\controller\BrandController.class
com\ecommerce\websocket\ChatWebSocketHandler$SessionInfo.class
com\ecommerce\constant\AppCoreConstant.class
com\ecommerce\controller\FileUploadController.class
com\ecommerce\security\JwtAuthenticationEntryPoint.class
com\ecommerce\service\impl\PaymentServiceImpl.class
com\ecommerce\constant\CouponConstant.class
com\ecommerce\util\CommonObjectMapperUtil.class
com\ecommerce\service\impl\ConversationServiceImpl.class
com\ecommerce\dto\CreateReviewRequest.class
com\ecommerce\security\AuthService.class
com\ecommerce\entity\DiscountType.class
com\ecommerce\dto\TaskDTO.class
com\ecommerce\exception\GlobalException.class
com\ecommerce\service\impl\NotificationServiceImpl.class
com\ecommerce\entity\Review.class
com\ecommerce\service\impl\OrderServiceImpl.class
com\ecommerce\entity\Cart.class
com\ecommerce\exception\SuccessHandler.class
com\ecommerce\security\JwtTokenProvider.class
com\ecommerce\dto\FlashSaleProductDTO.class
com\ecommerce\constant\ChatConstant.class
com\ecommerce\webapp\BusinessApiError$ApiValidationError.class
com\ecommerce\service\PaymentService.class
com\ecommerce\constant\CategoryConstant.class
com\ecommerce\entity\Notification.class
com\ecommerce\entity\Order.class
com\ecommerce\entity\UserRole.class
com\ecommerce\ai\AiAgentController$AgentCaller.class
com\ecommerce\service\BrandService.class
com\ecommerce\service\impl\DashboardServiceImpl.class
com\ecommerce\service\FlashSaleService.class
com\ecommerce\repository\AddressRepository.class
com\ecommerce\ai\tools\CategoryTool.class
com\ecommerce\entity\Category.class
com\ecommerce\exception\MessageError.class
com\ecommerce\websocket\ChatWebSocketHandler.class
com\ecommerce\util\CommonJsonUtil.class
com\ecommerce\constant\CartConstant.class
com\ecommerce\constant\PaymentConstant.class
com\ecommerce\entity\FlashSale.class
com\ecommerce\entity\MessageType.class
com\ecommerce\controller\CouponController.class
com\ecommerce\controller\OrderController.class
com\ecommerce\entity\ChatQuickReply.class
com\ecommerce\entity\CartItem.class
com\ecommerce\webapp\BusinessApiResponse.class
com\ecommerce\ai\InventoryAgentService.class
com\ecommerce\entity\Brand.class
com\ecommerce\ECommerceApplication.class
com\ecommerce\service\CartService.class
com\ecommerce\entity\OrderItem.class
com\ecommerce\util\CommonStringUtil.class
com\ecommerce\listener\OrderEventListener.class
com\ecommerce\dto\NotificationDTO.class
com\ecommerce\dto\OrderItemDTO.class
com\ecommerce\repository\CouponRepository.class
com\ecommerce\config\service\impl\SqlManagerServiceImpl.class
com\ecommerce\dto\BrandDTO.class
com\ecommerce\ai\SalesAgentService$SalesAssistant.class
com\ecommerce\dto\CouponDTO.class
com\ecommerce\constant\OrderConstant.class
com\ecommerce\ai\SalesAgentService.class
com\ecommerce\security\JwtAuthenticationFilter.class
com\ecommerce\exception\impl\SuccessHandlerApiImpl.class
com\ecommerce\controller\ReviewController.class
com\ecommerce\dto\CategoryDTO.class
com\ecommerce\util\MovieCollectionUtil.class
com\ecommerce\repository\FlashSaleProductRepository.class
com\ecommerce\dto\UserDTO.class
com\ecommerce\util\CommonDateUtil.class
com\ecommerce\controller\PaymentController.class
com\ecommerce\dto\AddToCartRequest.class
com\ecommerce\constant\UserConstant.class
com\ecommerce\listener\FlashSaleEventListener.class
com\ecommerce\dto\ConversationDTO.class
com\ecommerce\exception\ResourceNotFoundException.class
com\ecommerce\repository\ProductRepository.class
com\ecommerce\config\SessionConfig.class
com\ecommerce\ai\OrchestratorAgentService$AgentType.class
com\ecommerce\config\SecurityConfig.class
com\ecommerce\repository\TrendingSearchRepository.class
com\ecommerce\service\impl\TrendingSearchServiceImpl.class
com\ecommerce\service\impl\ChatMessageServiceImpl.class
com\ecommerce\dto\ProductDTO.class
com\ecommerce\mapper\ReviewMapper.class
com\ecommerce\dto\ReviewDTO.class
com\ecommerce\entity\ConversationStatus.class
com\ecommerce\config\I18nConfiguration.class
com\ecommerce\repository\CartRepository.class
com\ecommerce\entity\Product.class
com\ecommerce\service\DashboardService.class
com\ecommerce\repository\ChatMessageRepository.class
com\ecommerce\repository\NotificationRepository.class
com\ecommerce\config\BeanCoreConfiguration.class
com\ecommerce\ai\tools\MarketingTool.class
com\ecommerce\entity\PaymentStatus.class
com\ecommerce\exception\HandlerCastException.class
com\ecommerce\service\UserService.class
com\ecommerce\service\impl\CartServiceImpl.class
com\ecommerce\constant\ReviewConstant.class
com\ecommerce\util\CommonObjectUtil.class
com\ecommerce\exception\impl\HandlerCastExceptionImpl.class
com\ecommerce\config\CorsConfig.class
com\ecommerce\constant\DataTypeConstant.class
com\ecommerce\ai\tools\CouponTool.class
com\ecommerce\constant\AppApiExceptionCodeConstant.class
com\ecommerce\websocket\WebSocketChatService.class
com\ecommerce\controller\ProductController.class
com\ecommerce\repository\CategoryRepository.class
com\ecommerce\entity\OrderStatus.class
com\ecommerce\repository\TaskRepository.class
com\ecommerce\entity\FlashSaleProduct.class
com\ecommerce\ai\tools\ReviewTool.class
com\ecommerce\webapp\MovieBaseResponse.class
com\ecommerce\exception\ErrorHandler.class
com\ecommerce\ai\tools\FlashSaleTool.class
com\ecommerce\ai\tools\CartTool.class
com\ecommerce\entity\PaymentMethod.class
com\ecommerce\service\impl\BrandServiceImpl.class
com\ecommerce\service\impl\UserServiceImpl.class
com\ecommerce\ai\InventoryAgentService$InventoryAssistant.class
com\ecommerce\entity\Conversation.class
com\ecommerce\constant\TableConstant.class
com\ecommerce\constant\CommonConstant.class
com\ecommerce\ai\MarketingAgentService$MarketingAssistant.class
com\ecommerce\mapper\UserMapper.class
com\ecommerce\ai\AiSupportService$SupportAssistant.class
com\ecommerce\repository\CartItemRepository.class
com\ecommerce\annotation\CoreReadOnlyTx.class
com\ecommerce\dto\RefreshTokenRequest.class
com\ecommerce\ai\tools\DashboardAnalyticsTool.class
com\ecommerce\service\ProductService.class
com\ecommerce\controller\CartController.class
com\ecommerce\service\impl\CommonServiceImpl.class
com\ecommerce\constant\BrandConstant.class
com\ecommerce\dto\request\CreateConversationRequest.class
com\ecommerce\constant\NotificationConstant.class
com\ecommerce\webapp\BusinessApiError$ApiSubError.class
com\ecommerce\dto\CreateOrderRequest.class
com\ecommerce\constant\BusinessExceptionCodeConstant.class
com\ecommerce\ai\MarketingAgentService.class
com\ecommerce\exception\ExceptionCode.class
com\ecommerce\dto\CreateUserRequest.class
com\ecommerce\ai\AdminAnalyticsAiService$AnalyticsAssistant.class
com\ecommerce\ai\OrchestratorAgentService.class
com\ecommerce\ai\AdminAnalyticsAiService.class
