F:\NhaSachTinHoc\CDTC\e-commerce\e-commerce-backend\src\main\java\com\ecommerce\controller\NotificationController.java
F:\NhaSachTinHoc\CDTC\e-commerce\e-commerce-backend\src\main\java\com\ecommerce\exception\SuccessHandler.java
F:\NhaSachTinHoc\CDTC\e-commerce\e-commerce-backend\src\main\java\com\ecommerce\util\CommonJsonUtil.java
F:\NhaSachTinHoc\CDTC\e-commerce\e-commerce-backend\src\main\java\com\ecommerce\entity\ConversationStatus.java
F:\NhaSachTinHoc\CDTC\e-commerce\e-commerce-backend\src\main\java\com\ecommerce\config\KafkaConfig.java
F:\NhaSachTinHoc\CDTC\e-commerce\e-commerce-backend\src\main\java\com\ecommerce\dto\RefreshTokenRequest.java
F:\NhaSachTinHoc\CDTC\e-commerce\e-commerce-backend\src\main\java\com\ecommerce\service\ReviewService.java
F:\NhaSachTinHoc\CDTC\e-commerce\e-commerce-backend\src\main\java\com\ecommerce\entity\ChatParticipant.java
F:\NhaSachTinHoc\CDTC\e-commerce\e-commerce-backend\src\main\java\com\ecommerce\constant\SpringContext.java
F:\NhaSachTinHoc\CDTC\e-commerce\e-commerce-backend\src\main\java\com\ecommerce\entity\Order.java
F:\NhaSachTinHoc\CDTC\e-commerce\e-commerce-backend\src\main\java\com\ecommerce\constant\DataTypeConstant.java
F:\NhaSachTinHoc\CDTC\e-commerce\e-commerce-backend\src\main\java\com\ecommerce\constant\CommonConstant.java
F:\NhaSachTinHoc\CDTC\e-commerce\e-commerce-backend\src\main\java\com\ecommerce\dto\ChatMessageDTO.java
F:\NhaSachTinHoc\CDTC\e-commerce\e-commerce-backend\src\main\java\com\ecommerce\exception\ApiExceptionHandler.java
F:\NhaSachTinHoc\CDTC\e-commerce\e-commerce-backend\src\main\java\com\ecommerce\controller\PaymentController.java
F:\NhaSachTinHoc\CDTC\e-commerce\e-commerce-backend\src\main\java\com\ecommerce\config\DatabaseConfig.java
F:\NhaSachTinHoc\CDTC\e-commerce\e-commerce-backend\src\main\java\com\ecommerce\controller\CartController.java
F:\NhaSachTinHoc\CDTC\e-commerce\e-commerce-backend\src\main\java\com\ecommerce\dto\OrderDTO.java
F:\NhaSachTinHoc\CDTC\e-commerce\e-commerce-backend\src\main\java\com\ecommerce\security\JwtAuthenticationFilter.java
F:\NhaSachTinHoc\CDTC\e-commerce\e-commerce-backend\src\main\java\com\ecommerce\entity\User.java
F:\NhaSachTinHoc\CDTC\e-commerce\e-commerce-backend\src\main\java\com\ecommerce\entity\Category.java
F:\NhaSachTinHoc\CDTC\e-commerce\e-commerce-backend\src\main\java\com\ecommerce\util\DateUtils.java
F:\NhaSachTinHoc\CDTC\e-commerce\e-commerce-backend\src\main\java\com\ecommerce\service\impl\PaymentServiceImpl.java
F:\NhaSachTinHoc\CDTC\e-commerce\e-commerce-backend\src\main\java\com\ecommerce\repository\CartRepository.java
F:\NhaSachTinHoc\CDTC\e-commerce\e-commerce-backend\src\main\java\com\ecommerce\dto\ConversationDTO.java
F:\NhaSachTinHoc\CDTC\e-commerce\e-commerce-backend\src\main\java\com\ecommerce\entity\Cart.java
F:\NhaSachTinHoc\CDTC\e-commerce\e-commerce-backend\src\main\java\com\ecommerce\exception\impl\ErrorHandlerApiImpl.java
F:\NhaSachTinHoc\CDTC\e-commerce\e-commerce-backend\src\main\java\com\ecommerce\service\impl\BrandServiceImpl.java
F:\NhaSachTinHoc\CDTC\e-commerce\e-commerce-backend\src\main\java\com\ecommerce\service\ChatMessageService.java
F:\NhaSachTinHoc\CDTC\e-commerce\e-commerce-backend\src\main\java\com\ecommerce\entity\Payment.java
F:\NhaSachTinHoc\CDTC\e-commerce\e-commerce-backend\src\main\java\com\ecommerce\repository\TrendingSearchRepository.java
F:\NhaSachTinHoc\CDTC\e-commerce\e-commerce-backend\src\main\java\com\ecommerce\constant\DashboardConstant.java
F:\NhaSachTinHoc\CDTC\e-commerce\e-commerce-backend\src\main\java\com\ecommerce\service\impl\NotificationServiceImpl.java
F:\NhaSachTinHoc\CDTC\e-commerce\e-commerce-backend\src\main\java\com\ecommerce\service\CouponService.java
F:\NhaSachTinHoc\CDTC\e-commerce\e-commerce-backend\src\main\java\com\ecommerce\repository\NewArrivalRepository.java
F:\NhaSachTinHoc\CDTC\e-commerce\e-commerce-backend\src\main\java\com\ecommerce\ai\SalesAgentService.java
F:\NhaSachTinHoc\CDTC\e-commerce\e-commerce-backend\src\main\java\com\ecommerce\controller\DashboardController.java
F:\NhaSachTinHoc\CDTC\e-commerce\e-commerce-backend\src\main\java\com\ecommerce\dto\ProductDTO.java
F:\NhaSachTinHoc\CDTC\e-commerce\e-commerce-backend\src\main\java\com\ecommerce\dto\CouponDTO.java
F:\NhaSachTinHoc\CDTC\e-commerce\e-commerce-backend\src\main\java\com\ecommerce\config\WebSocketConfig.java
F:\NhaSachTinHoc\CDTC\e-commerce\e-commerce-backend\src\main\java\com\ecommerce\dto\AddressDTO.java
F:\NhaSachTinHoc\CDTC\e-commerce\e-commerce-backend\src\main\java\com\ecommerce\config\I18nConfiguration.java
F:\NhaSachTinHoc\CDTC\e-commerce\e-commerce-backend\src\main\java\com\ecommerce\security\AuthService.java
F:\NhaSachTinHoc\CDTC\e-commerce\e-commerce-backend\src\main\java\com\ecommerce\util\CustomMirageUtil.java
F:\NhaSachTinHoc\CDTC\e-commerce\e-commerce-backend\src\main\java\com\ecommerce\controller\BrandController.java
F:\NhaSachTinHoc\CDTC\e-commerce\e-commerce-backend\src\main\java\com\ecommerce\constant\CategoryConstant.java
F:\NhaSachTinHoc\CDTC\e-commerce\e-commerce-backend\src\main\java\com\ecommerce\entity\ProductImage.java
F:\NhaSachTinHoc\CDTC\e-commerce\e-commerce-backend\src\main\java\com\ecommerce\util\CommonStringUtil.java
F:\NhaSachTinHoc\CDTC\e-commerce\e-commerce-backend\src\main\java\com\ecommerce\dto\CartItemDTO.java
F:\NhaSachTinHoc\CDTC\e-commerce\e-commerce-backend\src\main\java\com\ecommerce\constant\ChatConstant.java
F:\NhaSachTinHoc\CDTC\e-commerce\e-commerce-backend\src\main\java\com\ecommerce\dto\AuthResponse.java
F:\NhaSachTinHoc\CDTC\e-commerce\e-commerce-backend\src\main\java\com\ecommerce\config\SessionConfig.java
F:\NhaSachTinHoc\CDTC\e-commerce\e-commerce-backend\src\main\java\com\ecommerce\repository\BrandRepository.java
F:\NhaSachTinHoc\CDTC\e-commerce\e-commerce-backend\src\main\java\com\ecommerce\dto\NotificationDTO.java
F:\NhaSachTinHoc\CDTC\e-commerce\e-commerce-backend\src\main\java\com\ecommerce\mapper\UserMapper.java
F:\NhaSachTinHoc\CDTC\e-commerce\e-commerce-backend\src\main\java\com\ecommerce\repository\TaskRepository.java
F:\NhaSachTinHoc\CDTC\e-commerce\e-commerce-backend\src\main\java\com\ecommerce\security\JwtTokenProvider.java
F:\NhaSachTinHoc\CDTC\e-commerce\e-commerce-backend\src\main\java\com\ecommerce\util\CommonDateUtil.java
F:\NhaSachTinHoc\CDTC\e-commerce\e-commerce-backend\src\main\java\com\ecommerce\ai\InventoryAgentService.java
F:\NhaSachTinHoc\CDTC\e-commerce\e-commerce-backend\src\main\java\com\ecommerce\service\CommonService.java
F:\NhaSachTinHoc\CDTC\e-commerce\e-commerce-backend\src\main\java\com\ecommerce\controller\CategoryController.java
F:\NhaSachTinHoc\CDTC\e-commerce\e-commerce-backend\src\main\java\com\ecommerce\config\TransactionManagerConfig.java
F:\NhaSachTinHoc\CDTC\e-commerce\e-commerce-backend\src\main\java\com\ecommerce\exception\ResourceNotFoundException.java
F:\NhaSachTinHoc\CDTC\e-commerce\e-commerce-backend\src\main\java\com\ecommerce\repository\ProductRepository.java
F:\NhaSachTinHoc\CDTC\e-commerce\e-commerce-backend\src\main\java\com\ecommerce\repository\CategoryRepository.java
F:\NhaSachTinHoc\CDTC\e-commerce\e-commerce-backend\src\main\java\com\ecommerce\entity\CartItem.java
F:\NhaSachTinHoc\CDTC\e-commerce\e-commerce-backend\src\main\java\com\ecommerce\constant\ChatMessageConstant.java
F:\NhaSachTinHoc\CDTC\e-commerce\e-commerce-backend\src\main\java\com\ecommerce\entity\ChatMessage.java
F:\NhaSachTinHoc\CDTC\e-commerce\e-commerce-backend\src\main\java\com\ecommerce\repository\ConversationRepository.java
F:\NhaSachTinHoc\CDTC\e-commerce\e-commerce-backend\src\main\java\com\ecommerce\dto\CreateUserRequest.java
F:\NhaSachTinHoc\CDTC\e-commerce\e-commerce-backend\src\main\java\com\ecommerce\exception\SystemException.java
F:\NhaSachTinHoc\CDTC\e-commerce\e-commerce-backend\src\main\java\com\ecommerce\repository\ChatMessageRepository.java
F:\NhaSachTinHoc\CDTC\e-commerce\e-commerce-backend\src\main\java\com\ecommerce\entity\Conversation.java
F:\NhaSachTinHoc\CDTC\e-commerce\e-commerce-backend\src\main\java\com\ecommerce\constant\ReviewConstant.java
F:\NhaSachTinHoc\CDTC\e-commerce\e-commerce-backend\src\main\java\com\ecommerce\controller\CouponController.java
F:\NhaSachTinHoc\CDTC\e-commerce\e-commerce-backend\src\main\java\com\ecommerce\event\OrderEvent.java
F:\NhaSachTinHoc\CDTC\e-commerce\e-commerce-backend\src\main\java\com\ecommerce\config\BeanCoreConfiguration.java
F:\NhaSachTinHoc\CDTC\e-commerce\e-commerce-backend\src\main\java\com\ecommerce\util\CommonObjectMapperUtil.java
F:\NhaSachTinHoc\CDTC\e-commerce\e-commerce-backend\src\main\java\com\ecommerce\entity\PaymentMethod.java
F:\NhaSachTinHoc\CDTC\e-commerce\e-commerce-backend\src\main\java\com\ecommerce\websocket\ChatWebSocketHandler.java
F:\NhaSachTinHoc\CDTC\e-commerce\e-commerce-backend\src\main\java\com\ecommerce\exception\GlobalException.java
F:\NhaSachTinHoc\CDTC\e-commerce\e-commerce-backend\src\main\java\com\ecommerce\service\SessionTimeoutService.java
F:\NhaSachTinHoc\CDTC\e-commerce\e-commerce-backend\src\main\java\com\ecommerce\repository\CartItemRepository.java
F:\NhaSachTinHoc\CDTC\e-commerce\e-commerce-backend\src\main\java\com\ecommerce\constant\NotificationConstant.java
F:\NhaSachTinHoc\CDTC\e-commerce\e-commerce-backend\src\main\java\com\ecommerce\service\impl\ScheduledTasksService.java
F:\NhaSachTinHoc\CDTC\e-commerce\e-commerce-backend\src\main\java\com\ecommerce\config\CorsConfig.java
F:\NhaSachTinHoc\CDTC\e-commerce\e-commerce-backend\src\main\java\com\ecommerce\dto\ReviewDTO.java
F:\NhaSachTinHoc\CDTC\e-commerce\e-commerce-backend\src\main\java\com\ecommerce\dto\CreateOrderRequest.java
F:\NhaSachTinHoc\CDTC\e-commerce\e-commerce-backend\src\main\java\com\ecommerce\util\CommonObjectUtil.java
F:\NhaSachTinHoc\CDTC\e-commerce\e-commerce-backend\src\main\java\com\ecommerce\service\impl\TaskServiceImpl.java
F:\NhaSachTinHoc\CDTC\e-commerce\e-commerce-backend\src\main\java\com\ecommerce\service\impl\ConversationServiceImpl.java
F:\NhaSachTinHoc\CDTC\e-commerce\e-commerce-backend\src\main\java\com\ecommerce\service\NotificationService.java
F:\NhaSachTinHoc\CDTC\e-commerce\e-commerce-backend\src\main\java\com\ecommerce\repository\OrderRepository.java
F:\NhaSachTinHoc\CDTC\e-commerce\e-commerce-backend\src\main\java\com\ecommerce\service\BrandService.java
F:\NhaSachTinHoc\CDTC\e-commerce\e-commerce-backend\src\main\java\com\ecommerce\service\impl\UserServiceImpl.java
F:\NhaSachTinHoc\CDTC\e-commerce\e-commerce-backend\src\main\java\com\ecommerce\annotation\CoreReadOnlyTx.java
F:\NhaSachTinHoc\CDTC\e-commerce\e-commerce-backend\src\main\java\com\ecommerce\ai\tools\CategoryTool.java
F:\NhaSachTinHoc\CDTC\e-commerce\e-commerce-backend\src\main\java\com\ecommerce\ai\tools\ReviewTool.java
F:\NhaSachTinHoc\CDTC\e-commerce\e-commerce-backend\src\main\java\com\ecommerce\util\MovieCollectionUtil.java
F:\NhaSachTinHoc\CDTC\e-commerce\e-commerce-backend\src\main\java\com\ecommerce\repository\CouponRepository.java
F:\NhaSachTinHoc\CDTC\e-commerce\e-commerce-backend\src\main\java\com\ecommerce\controller\ChatController.java
F:\NhaSachTinHoc\CDTC\e-commerce\e-commerce-backend\src\main\java\com\ecommerce\exception\BadRequestException.java
F:\NhaSachTinHoc\CDTC\e-commerce\e-commerce-backend\src\main\java\com\ecommerce\service\PaymentService.java
F:\NhaSachTinHoc\CDTC\e-commerce\e-commerce-backend\src\main\java\com\ecommerce\service\DashboardService.java
F:\NhaSachTinHoc\CDTC\e-commerce\e-commerce-backend\src\main\java\com\ecommerce\entity\OrderItem.java
F:\NhaSachTinHoc\CDTC\e-commerce\e-commerce-backend\src\main\java\com\ecommerce\constant\CartConstant.java
F:\NhaSachTinHoc\CDTC\e-commerce\e-commerce-backend\src\main\java\com\ecommerce\mapper\ReviewMapper.java
F:\NhaSachTinHoc\CDTC\e-commerce\e-commerce-backend\src\main\java\com\ecommerce\repository\UserRepository.java
F:\NhaSachTinHoc\CDTC\e-commerce\e-commerce-backend\src\main\java\com\ecommerce\exception\ErrorHint.java
F:\NhaSachTinHoc\CDTC\e-commerce\e-commerce-backend\src\main\java\com\ecommerce\constant\FlashSaleConstant.java
F:\NhaSachTinHoc\CDTC\e-commerce\e-commerce-backend\src\main\java\com\ecommerce\event\FlashSaleEvent.java
F:\NhaSachTinHoc\CDTC\e-commerce\e-commerce-backend\src\main\java\com\ecommerce\dto\request\CreateConversationRequest.java
F:\NhaSachTinHoc\CDTC\e-commerce\e-commerce-backend\src\main\java\com\ecommerce\mapper\ProductMapper.java
F:\NhaSachTinHoc\CDTC\e-commerce\e-commerce-backend\src\main\java\com\ecommerce\webapp\BusinessApiResponse.java
F:\NhaSachTinHoc\CDTC\e-commerce\e-commerce-backend\src\main\java\com\ecommerce\dto\TrendingSearchDTO.java
F:\NhaSachTinHoc\CDTC\e-commerce\e-commerce-backend\src\main\java\com\ecommerce\controller\TaskController.java
F:\NhaSachTinHoc\CDTC\e-commerce\e-commerce-backend\src\main\java\com\ecommerce\constant\ProductConstant.java
F:\NhaSachTinHoc\CDTC\e-commerce\e-commerce-backend\src\main\java\com\ecommerce\dto\UserDTO.java
F:\NhaSachTinHoc\CDTC\e-commerce\e-commerce-backend\src\main\java\com\ecommerce\entity\Brand.java
F:\NhaSachTinHoc\CDTC\e-commerce\e-commerce-backend\src\main\java\com\ecommerce\exception\impl\HandlerCastExceptionImpl.java
F:\NhaSachTinHoc\CDTC\e-commerce\e-commerce-backend\src\main\java\com\ecommerce\constant\PaymentConstant.java
F:\NhaSachTinHoc\CDTC\e-commerce\e-commerce-backend\src\main\java\com\ecommerce\security\JwtAuthenticationEntryPoint.java
F:\NhaSachTinHoc\CDTC\e-commerce\e-commerce-backend\src\main\java\com\ecommerce\service\impl\CartServiceImpl.java
F:\NhaSachTinHoc\CDTC\e-commerce\e-commerce-backend\src\main\java\com\ecommerce\controller\OrderController.java
F:\NhaSachTinHoc\CDTC\e-commerce\e-commerce-backend\src\main\java\com\ecommerce\security\CustomUserDetailsService.java
F:\NhaSachTinHoc\CDTC\e-commerce\e-commerce-backend\src\main\java\com\ecommerce\dto\ProductImageDTO.java
F:\NhaSachTinHoc\CDTC\e-commerce\e-commerce-backend\src\main\java\com\ecommerce\ai\tools\OrderLookupTool.java
F:\NhaSachTinHoc\CDTC\e-commerce\e-commerce-backend\src\main\java\com\ecommerce\webapp\MovieBaseResponse.java
F:\NhaSachTinHoc\CDTC\e-commerce\e-commerce-backend\src\main\java\com\ecommerce\service\FlashSaleService.java
F:\NhaSachTinHoc\CDTC\e-commerce\e-commerce-backend\src\main\java\com\ecommerce\controller\FlashSaleController.java
F:\NhaSachTinHoc\CDTC\e-commerce\e-commerce-backend\src\main\java\com\ecommerce\dto\TaskDTO.java
F:\NhaSachTinHoc\CDTC\e-commerce\e-commerce-backend\src\main\java\com\ecommerce\security\UserPrincipal.java
F:\NhaSachTinHoc\CDTC\e-commerce\e-commerce-backend\src\main\java\com\ecommerce\entity\OrderStatus.java
F:\NhaSachTinHoc\CDTC\e-commerce\e-commerce-backend\src\main\java\com\ecommerce\repository\OrderItemRepository.java
F:\NhaSachTinHoc\CDTC\e-commerce\e-commerce-backend\src\main\java\com\ecommerce\exception\ExceptionCode.java
F:\NhaSachTinHoc\CDTC\e-commerce\e-commerce-backend\src\main\java\com\ecommerce\ai\tools\DashboardAnalyticsTool.java
F:\NhaSachTinHoc\CDTC\e-commerce\e-commerce-backend\src\main\java\com\ecommerce\service\CartService.java
F:\NhaSachTinHoc\CDTC\e-commerce\e-commerce-backend\src\main\java\com\ecommerce\exception\DetailException.java
F:\NhaSachTinHoc\CDTC\e-commerce\e-commerce-backend\src\main\java\com\ecommerce\dto\OrderItemDTO.java
F:\NhaSachTinHoc\CDTC\e-commerce\e-commerce-backend\src\main\java\com\ecommerce\repository\ReviewRepository.java
F:\NhaSachTinHoc\CDTC\e-commerce\e-commerce-backend\src\main\java\com\ecommerce\entity\TrendingSearch.java
F:\NhaSachTinHoc\CDTC\e-commerce\e-commerce-backend\src\main\java\com\ecommerce\service\TaskService.java
F:\NhaSachTinHoc\CDTC\e-commerce\e-commerce-backend\src\main\java\com\ecommerce\entity\PaymentStatus.java
F:\NhaSachTinHoc\CDTC\e-commerce\e-commerce-backend\src\main\java\com\ecommerce\config\service\SqlManagerService.java
F:\NhaSachTinHoc\CDTC\e-commerce\e-commerce-backend\src\main\java\com\ecommerce\entity\Notification.java
F:\NhaSachTinHoc\CDTC\e-commerce\e-commerce-backend\src\main\java\com\ecommerce\service\CategoryService.java
F:\NhaSachTinHoc\CDTC\e-commerce\e-commerce-backend\src\main\java\com\ecommerce\controller\AuthController.java
F:\NhaSachTinHoc\CDTC\e-commerce\e-commerce-backend\src\main\java\com\ecommerce\service\ConversationService.java
F:\NhaSachTinHoc\CDTC\e-commerce\e-commerce-backend\src\main\java\com\ecommerce\ai\AiSupportService.java
F:\NhaSachTinHoc\CDTC\e-commerce\e-commerce-backend\src\main\java\com\ecommerce\service\impl\OrderServiceImpl.java
F:\NhaSachTinHoc\CDTC\e-commerce\e-commerce-backend\src\main\java\com\ecommerce\ai\tools\ProductSearchTool.java
F:\NhaSachTinHoc\CDTC\e-commerce\e-commerce-backend\src\main\java\com\ecommerce\service\impl\ChatMessageServiceImpl.java
F:\NhaSachTinHoc\CDTC\e-commerce\e-commerce-backend\src\main\java\com\ecommerce\entity\UserRole.java
F:\NhaSachTinHoc\CDTC\e-commerce\e-commerce-backend\src\main\java\com\ecommerce\constant\UserConstant.java
F:\NhaSachTinHoc\CDTC\e-commerce\e-commerce-backend\src\main\java\com\ecommerce\exception\ErrorHandler.java
F:\NhaSachTinHoc\CDTC\e-commerce\e-commerce-backend\src\main\java\com\ecommerce\dto\FlashSaleDTO.java
F:\NhaSachTinHoc\CDTC\e-commerce\e-commerce-backend\src\main\java\com\ecommerce\service\TrendingSearchService.java
F:\NhaSachTinHoc\CDTC\e-commerce\e-commerce-backend\src\main\java\com\ecommerce\repository\FlashSaleProductRepository.java
F:\NhaSachTinHoc\CDTC\e-commerce\e-commerce-backend\src\main\java\com\ecommerce\service\impl\CategoryServiceImpl.java
F:\NhaSachTinHoc\CDTC\e-commerce\e-commerce-backend\src\main\java\com\ecommerce\service\impl\DashboardServiceImpl.java
F:\NhaSachTinHoc\CDTC\e-commerce\e-commerce-backend\src\main\java\com\ecommerce\service\impl\ProductServiceImpl.java
F:\NhaSachTinHoc\CDTC\e-commerce\e-commerce-backend\src\main\java\com\ecommerce\websocket\WebSocketAuthInterceptor.java
F:\NhaSachTinHoc\CDTC\e-commerce\e-commerce-backend\src\main\java\com\ecommerce\entity\Task.java
F:\NhaSachTinHoc\CDTC\e-commerce\e-commerce-backend\src\main\java\com\ecommerce\websocket\WebSocketChatService.java
F:\NhaSachTinHoc\CDTC\e-commerce\e-commerce-backend\src\main\java\com\ecommerce\exception\DuplicateException.java
F:\NhaSachTinHoc\CDTC\e-commerce\e-commerce-backend\src\main\java\com\ecommerce\ai\tools\CouponTool.java
F:\NhaSachTinHoc\CDTC\e-commerce\e-commerce-backend\src\main\java\com\ecommerce\dto\AddToCartRequest.java
F:\NhaSachTinHoc\CDTC\e-commerce\e-commerce-backend\src\main\java\com\ecommerce\dto\CreateReviewRequest.java
F:\NhaSachTinHoc\CDTC\e-commerce\e-commerce-backend\src\main\java\com\ecommerce\exception\CoreExceptionCodeConstant.java
F:\NhaSachTinHoc\CDTC\e-commerce\e-commerce-backend\src\main\java\com\ecommerce\constant\BusinessExceptionCodeConstant.java
F:\NhaSachTinHoc\CDTC\e-commerce\e-commerce-backend\src\main\java\com\ecommerce\controller\ProductController.java
F:\NhaSachTinHoc\CDTC\e-commerce\e-commerce-backend\src\main\java\com\ecommerce\entity\DiscountType.java
F:\NhaSachTinHoc\CDTC\e-commerce\e-commerce-backend\src\main\java\com\ecommerce\repository\base\DbRepository.java
F:\NhaSachTinHoc\CDTC\e-commerce\e-commerce-backend\src\main\java\com\ecommerce\dto\CategoryDTO.java
F:\NhaSachTinHoc\CDTC\e-commerce\e-commerce-backend\src\main\java\com\ecommerce\ai\MarketingAgentService.java
F:\NhaSachTinHoc\CDTC\e-commerce\e-commerce-backend\src\main\java\com\ecommerce\exception\MessageError.java
F:\NhaSachTinHoc\CDTC\e-commerce\e-commerce-backend\src\main\java\com\ecommerce\entity\FlashSaleProduct.java
F:\NhaSachTinHoc\CDTC\e-commerce\e-commerce-backend\src\main\java\com\ecommerce\ai\tools\CartTool.java
F:\NhaSachTinHoc\CDTC\e-commerce\e-commerce-backend\src\main\java\com\ecommerce\entity\ShippingMethod.java
F:\NhaSachTinHoc\CDTC\e-commerce\e-commerce-backend\src\main\java\com\ecommerce\entity\Product.java
F:\NhaSachTinHoc\CDTC\e-commerce\e-commerce-backend\src\main\java\com\ecommerce\config\SQLServerDialect.java
F:\NhaSachTinHoc\CDTC\e-commerce\e-commerce-backend\src\main\java\com\ecommerce\service\impl\ReviewServiceImpl.java
F:\NhaSachTinHoc\CDTC\e-commerce\e-commerce-backend\src\main\java\com\ecommerce\security\JwtUtil.java
F:\NhaSachTinHoc\CDTC\e-commerce\e-commerce-backend\src\main\java\com\ecommerce\dto\BrandDTO.java
F:\NhaSachTinHoc\CDTC\e-commerce\e-commerce-backend\src\main\java\com\ecommerce\repository\FlashSaleRepository.java
F:\NhaSachTinHoc\CDTC\e-commerce\e-commerce-backend\src\main\java\com\ecommerce\service\UserService.java
F:\NhaSachTinHoc\CDTC\e-commerce\e-commerce-backend\src\main\java\com\ecommerce\service\impl\FlashSaleServiceImpl.java
F:\NhaSachTinHoc\CDTC\e-commerce\e-commerce-backend\src\main\java\com\ecommerce\util\MovieDateUtil.java
F:\NhaSachTinHoc\CDTC\e-commerce\e-commerce-backend\src\main\java\com\ecommerce\ECommerceApplication.java
F:\NhaSachTinHoc\CDTC\e-commerce\e-commerce-backend\src\main\java\com\ecommerce\ai\AdminAnalyticsAiService.java
F:\NhaSachTinHoc\CDTC\e-commerce\e-commerce-backend\src\main\java\com\ecommerce\controller\FileUploadController.java
F:\NhaSachTinHoc\CDTC\e-commerce\e-commerce-backend\src\main\java\com\ecommerce\entity\NewArrival.java
F:\NhaSachTinHoc\CDTC\e-commerce\e-commerce-backend\src\main\java\com\ecommerce\util\SqlLoader.java
F:\NhaSachTinHoc\CDTC\e-commerce\e-commerce-backend\src\main\java\com\ecommerce\ai\OrchestratorAgentService.java
F:\NhaSachTinHoc\CDTC\e-commerce\e-commerce-backend\src\main\java\com\ecommerce\dto\CartDTO.java
F:\NhaSachTinHoc\CDTC\e-commerce\e-commerce-backend\src\main\java\com\ecommerce\entity\Coupon.java
F:\NhaSachTinHoc\CDTC\e-commerce\e-commerce-backend\src\main\java\com\ecommerce\service\FileStorageService.java
F:\NhaSachTinHoc\CDTC\e-commerce\e-commerce-backend\src\main\java\com\ecommerce\constant\BrandConstant.java
F:\NhaSachTinHoc\CDTC\e-commerce\e-commerce-backend\src\main\java\com\ecommerce\listener\FlashSaleEventListener.java
F:\NhaSachTinHoc\CDTC\e-commerce\e-commerce-backend\src\main\java\com\ecommerce\webapp\BusinessApiError.java
F:\NhaSachTinHoc\CDTC\e-commerce\e-commerce-backend\src\main\java\com\ecommerce\repository\ChatQuickReplyRepository.java
F:\NhaSachTinHoc\CDTC\e-commerce\e-commerce-backend\src\main\java\com\ecommerce\service\impl\CommonServiceImpl.java
F:\NhaSachTinHoc\CDTC\e-commerce\e-commerce-backend\src\main\java\com\ecommerce\service\ProductService.java
F:\NhaSachTinHoc\CDTC\e-commerce\e-commerce-backend\src\main\java\com\ecommerce\ai\AiAgentController.java
F:\NhaSachTinHoc\CDTC\e-commerce\e-commerce-backend\src\main\java\com\ecommerce\ai\tools\BrandTool.java
F:\NhaSachTinHoc\CDTC\e-commerce\e-commerce-backend\src\main\java\com\ecommerce\config\RedisConfig.java
F:\NhaSachTinHoc\CDTC\e-commerce\e-commerce-backend\src\main\java\com\ecommerce\dto\FlashSaleProductDTO.java
F:\NhaSachTinHoc\CDTC\e-commerce\e-commerce-backend\src\main\java\com\ecommerce\ai\tools\MarketingTool.java
F:\NhaSachTinHoc\CDTC\e-commerce\e-commerce-backend\src\main\java\com\ecommerce\constant\AppApiExceptionCodeConstant.java
F:\NhaSachTinHoc\CDTC\e-commerce\e-commerce-backend\src\main\java\com\ecommerce\controller\UserController.java
F:\NhaSachTinHoc\CDTC\e-commerce\e-commerce-backend\src\main\java\com\ecommerce\controller\CronJobController.java
F:\NhaSachTinHoc\CDTC\e-commerce\e-commerce-backend\src\main\java\com\ecommerce\entity\ChatQuickReply.java
F:\NhaSachTinHoc\CDTC\e-commerce\e-commerce-backend\src\main\java\com\ecommerce\service\impl\TrendingSearchServiceImpl.java
F:\NhaSachTinHoc\CDTC\e-commerce\e-commerce-backend\src\main\java\com\ecommerce\constant\OrderConstant.java
F:\NhaSachTinHoc\CDTC\e-commerce\e-commerce-backend\src\main\java\com\ecommerce\constant\CouponConstant.java
F:\NhaSachTinHoc\CDTC\e-commerce\e-commerce-backend\src\main\java\com\ecommerce\exception\HandlerCastException.java
F:\NhaSachTinHoc\CDTC\e-commerce\e-commerce-backend\src\main\java\com\ecommerce\entity\MessageType.java
F:\NhaSachTinHoc\CDTC\e-commerce\e-commerce-backend\src\main\java\com\ecommerce\controller\ReviewController.java
F:\NhaSachTinHoc\CDTC\e-commerce\e-commerce-backend\src\main\java\com\ecommerce\exception\impl\SuccessHandlerApiImpl.java
F:\NhaSachTinHoc\CDTC\e-commerce\e-commerce-backend\src\main\java\com\ecommerce\listener\OrderEventListener.java
F:\NhaSachTinHoc\CDTC\e-commerce\e-commerce-backend\src\main\java\com\ecommerce\entity\Review.java
F:\NhaSachTinHoc\CDTC\e-commerce\e-commerce-backend\src\main\java\com\ecommerce\repository\ChatParticipantRepository.java
F:\NhaSachTinHoc\CDTC\e-commerce\e-commerce-backend\src\main\java\com\ecommerce\dto\LoginRequest.java
F:\NhaSachTinHoc\CDTC\e-commerce\e-commerce-backend\src\main\java\com\ecommerce\ai\tools\InventoryTool.java
F:\NhaSachTinHoc\CDTC\e-commerce\e-commerce-backend\src\main\java\com\ecommerce\service\impl\CouponServiceImpl.java
F:\NhaSachTinHoc\CDTC\e-commerce\e-commerce-backend\src\main\java\com\ecommerce\dto\request\SendMessageRequest.java
F:\NhaSachTinHoc\CDTC\e-commerce\e-commerce-backend\src\main\java\com\ecommerce\entity\Address.java
F:\NhaSachTinHoc\CDTC\e-commerce\e-commerce-backend\src\main\java\com\ecommerce\config\MirageConfig.java
F:\NhaSachTinHoc\CDTC\e-commerce\e-commerce-backend\src\main\java\com\ecommerce\ai\tools\FlashSaleTool.java
F:\NhaSachTinHoc\CDTC\e-commerce\e-commerce-backend\src\main\java\com\ecommerce\config\SecurityConfig.java
F:\NhaSachTinHoc\CDTC\e-commerce\e-commerce-backend\src\main\java\com\ecommerce\constant\AppApiConstant.java
F:\NhaSachTinHoc\CDTC\e-commerce\e-commerce-backend\src\main\java\com\ecommerce\config\service\impl\SqlManagerServiceImpl.java
F:\NhaSachTinHoc\CDTC\e-commerce\e-commerce-backend\src\main\java\com\ecommerce\repository\NotificationRepository.java
F:\NhaSachTinHoc\CDTC\e-commerce\e-commerce-backend\src\main\java\com\ecommerce\dto\PaymentDTO.java
F:\NhaSachTinHoc\CDTC\e-commerce\e-commerce-backend\src\main\java\com\ecommerce\service\OrderService.java
F:\NhaSachTinHoc\CDTC\e-commerce\e-commerce-backend\src\main\java\com\ecommerce\ai\tools\SalesAdvisorTool.java
F:\NhaSachTinHoc\CDTC\e-commerce\e-commerce-backend\src\main\java\com\ecommerce\dto\ApiResponse.java
F:\NhaSachTinHoc\CDTC\e-commerce\e-commerce-backend\src\main\java\com\ecommerce\repository\AddressRepository.java
F:\NhaSachTinHoc\CDTC\e-commerce\e-commerce-backend\src\main\java\com\ecommerce\constant\TableConstant.java
F:\NhaSachTinHoc\CDTC\e-commerce\e-commerce-backend\src\main\java\com\ecommerce\constant\AppCoreConstant.java
F:\NhaSachTinHoc\CDTC\e-commerce\e-commerce-backend\src\main\java\com\ecommerce\entity\FlashSale.java
